JSCompiler_StaticMethods_assoc_BANG_:Qf
JSCompiler_StaticMethods_cljs$core$IMultiFn$_add_method$arity$3:Yg
JSCompiler_StaticMethods_cljs$core$IMultiFn$_get_method$arity$2:Xg
JSCompiler_StaticMethods_cljs$core$ITransientVector$_assoc_n_BANG_$arity$3:Te
JSCompiler_StaticMethods_sval:Bd
JSCompiler_prototypeAlias:g
L 0:a
L 1:b
L 10:m
L 11:p
L 12:q
L 13:r
L 14:u
L 15:z
L 16:x
L 17:G
L 18:M
L 19:R
L 2:c
L 20:da
L 21:wa
L 22:ed
L 3:d
L 4:e
L 5:f
L 6:h
L 7:k
L 8:l
L 9:n
cached_hierarchy__5602__auto__$jscomp$inline_1212:rk
cljs$core$ArrayChunk:Dd
cljs$core$ArrayNode:Af
cljs$core$ArrayNodeIterator:Ef
cljs$core$ArrayNodeSeq:Lf
cljs$core$Atom:de
cljs$core$BitmapIndexedNode:wf
cljs$core$BitmapIndexedNode$EMPTY:zf
cljs$core$Box:qf
cljs$core$ChunkBuffer:Cd
cljs$core$ChunkedCons:Ed
cljs$core$ChunkedSeq:Ne
cljs$core$Cons:xd
cljs$core$ES6EntriesIterator:af
cljs$core$ES6Iterator:oc
cljs$core$ES6IteratorSeq:qc
cljs$core$ES6SetEntriesIterator:bf
cljs$core$EmptyList:wd
cljs$core$Fn:Ha
cljs$core$HashCollisionNode:If
cljs$core$HashMapIter:Nf
cljs$core$HashSetIter:Xf
cljs$core$IAssociative:Ya
cljs$core$ICollection:Na
cljs$core$ICounted:Ja
cljs$core$IEmptyableCollection:La
cljs$core$IEncodeClojure:Rg
cljs$core$IEncodeJS:yg
cljs$core$IFn:Ia
cljs$core$IIndexed:Pa
cljs$core$IIndexed$_nth$dyn_26260:Ra
cljs$core$IIterable:Sb
cljs$core$IKVReduce:rb
cljs$core$IList:yb
cljs$core$ILookup:Va
cljs$core$ILookup$_lookup$dyn_26266:Xa
cljs$core$IMap:bb
cljs$core$IMeta:lb
cljs$core$INIT:Xd
cljs$core$INext:Ua
cljs$core$IPrintWithWriter:Bb
cljs$core$IRecord:zb
cljs$core$IReduce:ob
cljs$core$IReduce$_reduce$dyn_26285:qb
cljs$core$ISeq:Sa
cljs$core$ISeqable:vb
cljs$core$ISequential:xb
cljs$core$ISet:fb
cljs$core$ISwap$_swap_BANG_$dyn_26325:Rb
cljs$core$ITER_SYMBOL:Ca
cljs$core$IVector:jb
cljs$core$IndexedSeq:H
cljs$core$IndexedSeqIterator:Ic
cljs$core$KeySeq:Rf
cljs$core$Keyword:E
cljs$core$LazySeq:Ad
cljs$core$List:Nc
cljs$core$List$EMPTY:J
cljs$core$MapEntry:Be
cljs$core$MetaFn:Sc
cljs$core$MultiFn:Pg
cljs$core$NeverEquiv:Ye
cljs$core$NodeIterator:vf
cljs$core$NodeSeq:Jf
cljs$core$PROTOCOL_SENTINEL:v
cljs$core$PersistentArrayMap:ra
cljs$core$PersistentArrayMap$EMPTY:Vd
cljs$core$PersistentArrayMap$HASHMAP_THRESHOLD:jf
cljs$core$PersistentArrayMap$createAsIfByAssoc:Pc
cljs$core$PersistentArrayMap$createAsIfByAssocComplexPath:of
cljs$core$PersistentArrayMapIterator:ef
cljs$core$PersistentArrayMapSeq:df
cljs$core$PersistentHashMap:Of
cljs$core$PersistentHashMap$EMPTY:kf
cljs$core$PersistentHashSet:Yf
cljs$core$PersistentHashSet$EMPTY:$f
cljs$core$PersistentQueue:We
cljs$core$PersistentQueue$EMPTY:Xe
cljs$core$PersistentQueueIter:Ue
cljs$core$PersistentQueueSeq:Ve
cljs$core$PersistentVector:X
cljs$core$PersistentVector$EMPTY:Mc
cljs$core$PersistentVector$EMPTY_NODE:Y
cljs$core$PersistentVector$fromArray:He
cljs$core$RangedIterator:xe
cljs$core$Reduced:wc
cljs$core$Repeat:je
cljs$core$START:Yd
cljs$core$SeqIter:Zd
cljs$core$StringBufferWriter:Vb
cljs$core$Subvec:Pe
cljs$core$Symbol:gc
cljs$core$TransientArrayMap:hf
cljs$core$TransientHashMap:Pf
cljs$core$TransientHashSet:Zf
cljs$core$TransientVector:Ce
cljs$core$UUID:$g
cljs$core$ValSeq:Sf
cljs$core$VectorNode:me
cljs$core$_EQ_:N
cljs$core$_STAR_print_fn_STAR_:na
cljs$core$_STAR_print_level_STAR_:pa
cljs$core$_STAR_print_newline_STAR_:oa
cljs$core$__destructure_map:Ud
cljs$core$_add_watch:Db
cljs$core$_as_transient:Gb
cljs$core$_assoc:$a
cljs$core$_assoc_BANG_:Jb
cljs$core$_assoc_n:kb
cljs$core$_chunked_first:Lb
cljs$core$_chunked_rest:Mb
cljs$core$_clj__GT_js:zg
cljs$core$_conj:Oa
cljs$core$_conj_BANG_:Hb
cljs$core$_contains_key_QMARK_:Za
cljs$core$_count:Ka
cljs$core$_deref:D
cljs$core$_disjoin:gb
cljs$core$_dissoc:cb
cljs$core$_drop:Ub
cljs$core$_drop_first:Kb
cljs$core$_empty:Ma
cljs$core$_equiv:tb
cljs$core$_find:ab
cljs$core$_first:C
cljs$core$_global_hierarchy:Dg
cljs$core$_hash:ub
cljs$core$_indexOf$cljs$0core$0IFn$0_invoke$0arity$03:O
cljs$core$_iterator:Tb
cljs$core$_js__GT_clj:Sg
cljs$core$_key:db
cljs$core$_kv_reduce:sb
cljs$core$_lastIndexOf$cljs$0core$0IFn$0_invoke$0arity$03:Q
cljs$core$_lookup:Wa
cljs$core$_meta:mb
cljs$core$_name:Nb
cljs$core$_namespace:Ob
cljs$core$_nth:Qa
cljs$core$_peek:hb
cljs$core$_persistent_BANG_:Ib
cljs$core$_pop:ib
cljs$core$_pr_writer:Cb
cljs$core$_reduce:pb
cljs$core$_remove_watch:Fb
cljs$core$_reset_BANG_:Pb
cljs$core$_rest:Ta
cljs$core$_seq:wb
cljs$core$_swap_BANG_:Qb
cljs$core$_val:eb
cljs$core$_with_meta:nb
cljs$core$_write:Ab
cljs$core$aclone:Da
cljs$core$apply:Tc
cljs$core$apply$cljs$0core$0IFn$0_invoke$0arity$02:Qd
cljs$core$apply$cljs$0core$0IFn$0_invoke$0arity$03:Rd
cljs$core$apply$cljs$0core$0IFn$0_invoke$0arity$05:Sd
cljs$core$apply$cljs$0core$0IFn$0_invoke$0arity$0variadic:Td
cljs$core$apply_to:Kd
cljs$core$apply_to_simple$cljs$0core$0IFn$0_invoke$0arity$03:Md
cljs$core$apply_to_simple$cljs$0core$0IFn$0_invoke$0arity$04:Nd
cljs$core$apply_to_simple$cljs$0core$0IFn$0_invoke$0arity$05:Od
cljs$core$apply_to_simple$cljs$0core$0IFn$0_invoke$0arity$06:Pd
cljs$core$array_QMARK_:za
cljs$core$array__GT_transient_hash_map:pf
cljs$core$array_copy:fd
cljs$core$array_for:ue
cljs$core$array_index_of:cf
cljs$core$array_map:eg
cljs$core$array_reduce$cljs$0core$0IFn$0_invoke$0arity$02:Bc
cljs$core$array_reduce$cljs$0core$0IFn$0_invoke$0arity$03:Cc
cljs$core$array_reduce$cljs$0core$0IFn$0_invoke$0arity$04:Dc
cljs$core$assoc:U
cljs$core$bit_count:ud
cljs$core$boolean$0:hd
cljs$core$bounded_count:Hd
cljs$core$build_subvec:Qe
cljs$core$char_escapes:jg
cljs$core$chunk_append:Gd
cljs$core$chunk_cons:Fd
cljs$core$chunked_seq:Ge
cljs$core$chunked_seq$cljs$0core$0IFn$0_invoke$0arity$04:Fe
cljs$core$chunked_seq$cljs$0core$0IFn$0_invoke$0arity$05:Oe
cljs$core$chunked_seq_QMARK_:dd
cljs$core$ci_reduce$cljs$0core$0IFn$0_invoke$0arity$02:zc
cljs$core$ci_reduce$cljs$0core$0IFn$0_invoke$0arity$03:Ac
cljs$core$clj__GT_js:Bg
cljs$core$clone_and_set$cljs$0core$0IFn$0_invoke$0arity$03:rf
cljs$core$coll_QMARK_:Yc
cljs$core$concat:Jd
cljs$core$conj:Lc
cljs$core$cons:S
cljs$core$contains_QMARK_:kd
cljs$core$count:P
cljs$core$counted_QMARK_:Ec
cljs$core$create_array_node_seq:Gf
cljs$core$create_array_node_seq$cljs$0core$0IFn$0_invoke$0arity$01:Ff
cljs$core$create_array_node_seq$cljs$0core$0IFn$0_invoke$0arity$03:Mf
cljs$core$create_inode_seq:yf
cljs$core$create_inode_seq$cljs$0core$0IFn$0_invoke$0arity$01:xf
cljs$core$create_inode_seq$cljs$0core$0IFn$0_invoke$0arity$03:Kf
cljs$core$create_node:Cf
cljs$core$create_node$cljs$0core$0IFn$0_invoke$0arity$06:Df
cljs$core$create_node$cljs$0core$0IFn$0_invoke$0arity$07:Bf
cljs$core$deref:yc
cljs$core$disj:Wc
cljs$core$dissoc:Qc
cljs$core$do_assoc:ve
cljs$core$doall$cljs$0core$0IFn$0_invoke$0arity$01:Qg
cljs$core$dominates:Mg
cljs$core$drop$cljs$0core$0IFn$0_invoke$0arity$02:he
cljs$core$drop_last$cljs$0core$0IFn$0_invoke$0arity$02:ie
cljs$core$edit_and_set$cljs$0core$0IFn$0_invoke$0arity$04:tf
cljs$core$empty:cg
cljs$core$empty_QMARK_:Xc
cljs$core$empty_ordered_hash:sc
cljs$core$empty_unordered_hash:uc
cljs$core$enable_console_print_BANG_:ya
cljs$core$equiv_map:$e
cljs$core$equiv_sequential:Jc
cljs$core$es6_iterator:pc
cljs$core$es6_iterator_seq:mc
cljs$core$every_QMARK_:$d
cljs$core$find_and_cache_best_method:Ng
cljs$core$first:I
cljs$core$fn_QMARK_:Rc
cljs$core$gensym$cljs$0core$0IFn$0_invoke$0arity$01:xg
cljs$core$gensym_counter:wg
cljs$core$get:ic
cljs$core$get$cljs$0core$0IFn$0_invoke$0arity$02:hc
cljs$core$get$cljs$0core$0IFn$0_invoke$0arity$03:jc
cljs$core$get_global_hierarchy:Eg
cljs$core$hash:ec
cljs$core$hash_collision_node_find_index:Hf
cljs$core$hash_combine:fc
cljs$core$hash_ordered_coll:rc
cljs$core$hash_string:dc
cljs$core$hash_unordered_coll:tc
cljs$core$identity:rd
cljs$core$ifn_QMARK_:id
cljs$core$imul:Xb
cljs$core$inc:vc
cljs$core$indexed_QMARK_:Fc
cljs$core$inode_kv_reduce:uf
cljs$core$integer_QMARK_:jd
cljs$core$interleave:ke
cljs$core$into:le
cljs$core$into_array$cljs$0core$0IFn$0_invoke$0arity$02:Ea
cljs$core$isa_QMARK_$cljs$0core$0IFn$0_invoke$0arity$03:Ig
cljs$core$iter_reduce$cljs$0core$0IFn$0_invoke$0arity$02:nd
cljs$core$iter_reduce$cljs$0core$0IFn$0_invoke$0arity$03:od
cljs$core$iterable_QMARK_:lc
cljs$core$js__GT_clj$cljs$0core$0IFn$0_invoke$0arity$0variadic:Tg
cljs$core$keep$cljs$0core$0IFn$0_invoke$0arity$02:ce
cljs$core$key:Ke
cljs$core$key__GT_js$cljs$0core$0IFn$0_invoke$0arity$02:Ag
cljs$core$key_test:lf
cljs$core$keys:ff
cljs$core$keyword:zd
cljs$core$lift_ns:tg
cljs$core$linear_traversal_nth$cljs$0core$0IFn$0_invoke$0arity$03:Oc
cljs$core$list_QMARK_:vd
cljs$core$lookup_sentinel:gd
cljs$core$m3_fmix:$b
cljs$core$m3_hash_unencoded_chars:ac
cljs$core$m3_mix_H1:Zb
cljs$core$m3_mix_K1:Yb
cljs$core$map:W
cljs$core$map_QMARK_:ad
cljs$core$map_entry_QMARK_:Je
cljs$core$merge:Tf
cljs$core$meta:Vc
cljs$core$missing_protocol:A
cljs$core$name:V
cljs$core$namespace:yd
cljs$core$native_satisfies_QMARK_:y
cljs$core$never_equiv:Ze
cljs$core$new_path:qe
cljs$core$next:K
cljs$core$next_STAR_:Ld
cljs$core$not:Aa
cljs$core$nth:Hc
cljs$core$nth$cljs$0core$0IFn$0_invoke$0arity$02:Gc
cljs$core$nth$cljs$0core$0IFn$0_invoke$0arity$03:T
cljs$core$pam_grow_seed_array:nf
cljs$core$pam_new_size:mf
cljs$core$parents$cljs$0core$0IFn$0_invoke$0arity$01:Jg
cljs$core$partial:be
cljs$core$pop_tail:we
cljs$core$pr_opts:qa
cljs$core$pr_sequential_writer:fg
cljs$core$pr_str_STAR_:Wb
cljs$core$pr_str_with_opts:qg
cljs$core$pr_writer:Z
cljs$core$pr_writer_impl:mg
cljs$core$prefers_STAR_:Lg
cljs$core$prim_seq$cljs$0core$0IFn$0_invoke$0arity$02:Kc
cljs$core$print_map:ng
cljs$core$print_meta_QMARK_:lg
cljs$core$print_prefix_map:ug
cljs$core$println$cljs$0core$0IFn$0_invoke$0arity$0variadic:rg
cljs$core$push_tail:re
cljs$core$pv_clone_node:oe
cljs$core$pv_fresh_node:ne
cljs$core$pv_reduce$cljs$0core$0IFn$0_invoke$0arity$04:ze
cljs$core$pv_reduce$cljs$0core$0IFn$0_invoke$0arity$05:Ae
cljs$core$quot:td
cljs$core$quote_string:kg
cljs$core$ranged_iterator:ye
cljs$core$re_find:ph
cljs$core$re_matches:bg
cljs$core$re_seq:Gh
cljs$core$re_seq_STAR_:sh
cljs$core$record_QMARK_:bd
cljs$core$reduce:Ga
cljs$core$reduce$cljs$0core$0IFn$0_invoke$0arity$02:pd
cljs$core$reduce$cljs$0core$0IFn$0_invoke$0arity$03:Fa
cljs$core$reduce_kv:qd
cljs$core$reduced_QMARK_:xc
cljs$core$remove_pair:sf
cljs$core$reset_BANG_:ee
cljs$core$reset_cache:Kg
cljs$core$rest:nc
cljs$core$select_keys:Uf
cljs$core$seq:F
cljs$core$seq_QMARK_:dg
cljs$core$seq_reduce$cljs$0core$0IFn$0_invoke$0arity$02:ld
cljs$core$seq_reduce$cljs$0core$0IFn$0_invoke$0arity$03:md
cljs$core$sequential_QMARK_:$c
cljs$core$set:ag
cljs$core$set_QMARK_:Zc
cljs$core$some:ae
cljs$core$spread:Id
cljs$core$str:B
cljs$core$string_hash_cache:bc
cljs$core$string_hash_cache_count:cc
cljs$core$string_print:ig
cljs$core$strip_ns:sg
cljs$core$swap_BANG_:fe
cljs$core$symbol:kc
cljs$core$t_cljs$0core25114:Wd
cljs$core$tail_off:pe
cljs$core$take$cljs$0core$0IFn$0_invoke$0arity$02:ge
cljs$core$throw_no_method_error:Og
cljs$core$transduce$cljs$0core$0IFn$0_invoke$0arity$04:sd
cljs$core$truth_:w
cljs$core$tv_editable_root:De
cljs$core$tv_editable_tail:Ee
cljs$core$tv_ensure_editable:Re
cljs$core$tv_push_tail:Se
cljs$core$type:ha
cljs$core$type__GT_str:Ba
cljs$core$unchecked_array_for:te
cljs$core$val:Le
cljs$core$vals:gf
cljs$core$vec:Ie
cljs$core$vector:Me
cljs$core$vector_QMARK_:cd
cljs$core$vector_index_out_of_bounds:se
cljs$core$with_meta:Uc
cljs$core$write_all$cljs$0core$0IFn$0_invoke$0arity$0variadic:hg
cljs$cst$0$flush_on_newline:sa
cljs$cst$1$readably:ta
cljs$cst$105$more_marker:gg
cljs$cst$106$alt_impl:og
cljs$cst$107$fallback_impl:pg
cljs$cst$108$val:vg
cljs$cst$126$keyword_fn:Cg
cljs$cst$127$keywordize_keys:Ug
cljs$cst$128$parents:Fg
cljs$cst$129$descendants:Gg
cljs$cst$130$ancestors:Hg
cljs$cst$138$uuid:eh
cljs$cst$139$type:mk
cljs$cst$179$name:th
cljs$cst$182$class:vh
cljs$cst$184$key:$h
cljs$cst$186$on_dispose:Eh
cljs$cst$189$auto_run:kh
cljs$cst$193$on_set:ci
cljs$cst$194$no_cache:ih
cljs$cst$2$meta:ua
cljs$cst$202$shouldComponentUpdate:qh
cljs$cst$203$componentWillUnmount:fh
cljs$cst$204$reagentRender:xh
cljs$cst$205$render:Dh
cljs$cst$206$displayName:Fh
cljs$cst$207$cljsLegacyRender:Qh
cljs$cst$208$childContextTypes:rh
cljs$cst$209$contextTypes:Bh
cljs$cst$210$contextType:Zh
cljs$cst$211$getDerivedStateFromProps:lh
cljs$cst$212$getDerivedStateFromError:Jh
cljs$cst$213$getInitialState:nh
cljs$cst$214$constructor:gh
cljs$cst$215$reagent_render:yh
cljs$cst$216$on_write:ch
cljs$cst$217$display_name:Rh
cljs$cst$218$component_did_update:wh
cljs$cst$219$component_will_unmount:uh
cljs$cst$222$id:Xh
cljs$cst$223$className:jh
cljs$cst$229$function_components:Sh
cljs$cst$230$parse_tag:mh
cljs$cst$231$compiler:Oh
cljs$cst$232$callback:Nh
cljs$cst$251$nil:ah
cljs$cst$252$string:bh
cljs$cst$253$strable:zh
cljs$cst$254$vector:Kh
cljs$cst$255$list:Th
cljs$cst$256$map:Ch
cljs$cst$257$set:ai
cljs$cst$258$hierarchy:oh
cljs$cst$259$default:Wg
cljs$cst$3$dup:va
cljs$cst$305$inst:Ah
cljs$cst$306$queue:bi
cljs$cst$307$js:dh
cljs$cst$310$result:Tj
cljs$cst$312$h1:Ph
cljs$cst$318$on_click:Vj
cljs$cst$319$div_DOT_container:Vh
cljs$cst$320$div_DOT_status_bar:Uj
cljs$cst$321$span:kk
cljs$cst$322$div_DOT_editors_container:Wh
cljs$cst$323$div_DOT_editor_box:Mh
cljs$cst$324$div_DOT_editor_title:ik
cljs$cst$325$textarea:jk
cljs$cst$326$value:Wj
cljs$cst$327$on_change:Yh
cljs$cst$328$div_DOT_button_container:mi
cljs$cst$329$button_DOT_transform_button_DOT_to_js:Uh
cljs$cst$330$code:Ih
cljs$cst$331$button_DOT_transform_button_DOT_to_cljs:lk
cljs$cst$4$print_length:xa
cljs$cst$47$validator:Lh
cljs$cst$98$cljs_DOT_core_SLASH_not_found:Wf
cljs$nodejs$require:bk
cljs$reader$check:gk
cljs$reader$days_in_month:dk
cljs$reader$parse_and_validate_timestamp:hk
cljs$reader$parse_int:fk
cljs$reader$timestamp_regex:ek
cljs$tools$reader$impl$inspect$dispatch_inspect:Vg
cljs$tools$reader$impl$inspect$inspect_STAR_:Zg
cljs$tools$reader$impl$inspect$inspect_STAR__col:ck
clojure$set$difference:Li
clojure$string$join$cljs$0core$0IFn$0_invoke$0arity$02:li
clojure$string$replace:ki
clojure$string$replace_all:ii
clojure$string$replace_with:ji
clojure$string$split$cljs$0core$0IFn$0_invoke$0arity$02:wk
ctype$core$app:tk
ctype$core$cljs_code:uk
ctype$core$connect_websocket:Ck
ctype$core$connection_status:Bk
ctype$core$init:sk
ctype$core$js_code:vk
ctype$core$ws_connection:Ak
ctype$transformer$_main:ok
ctype$transformer$transform_map_to_js:Ek
ctype$transformer$transform_object_to_cljs:Gk
ctype$transformer$transform_template_to_cljs:Hk
ctype$transformer$transform_to_cljs:Ik
ctype$transformer$transform_to_js:Fk
fn_to_element$jscomp$inline_863:zk
goog$UID_PROPERTY_:ca
goog$exportSymbol:fa
goog$getUid:ba
goog$global:aa
goog$string$StringBuffer:ma
goog$string$internal$trim:hh
goog$typeOf:t
goog$uidCounter_:ea
hierarchy__5603__auto__$jscomp$inline_1213:Hh
id$jscomp$inline_862:yk
method_cache__5601__auto__$jscomp$inline_1211:qk
method_table__5599__auto__$jscomp$inline_1209:nk
module$contents$goog$object_PROTOTYPE_FIELDS:ka
module$contents$goog$object_extend:la
module$contents$goog$object_get:ja
module$contents$goog$object_getKeys:ia
module$node_modules$react$index:hi
module$node_modules$react_dom$index:Xj
opts$jscomp$inline_861:xk
parse_fn$jscomp$inline_864:Dk
prefer_table__5600__auto__$jscomp$inline_1210:pk
reagent$dom$render$cljs$0core$0IFn$0_invoke$0arity$03:ak
reagent$dom$render_comp:Zj
reagent$dom$roots:Yj
reagent$impl$batching$RenderQueue:Ei
reagent$impl$batching$compare_mount_order:Ai
reagent$impl$batching$enqueue:Di
reagent$impl$batching$fake_raf:yi
reagent$impl$batching$mount_count:xi
reagent$impl$batching$next_tick:zi
reagent$impl$batching$queue_render:Gi
reagent$impl$batching$ratom_flush:Bi
reagent$impl$batching$render_queue:Fi
reagent$impl$batching$run_funs:Ci
reagent$impl$component$_STAR_current_component_STAR_:cj
reagent$impl$component$built_in_static_method_names:Vf
reagent$impl$component$cache_react_class:oj
reagent$impl$component$camelify_map_keys:jj
reagent$impl$component$cljsify:mj
reagent$impl$component$create_class:nj
reagent$impl$component$custom_wrapper:gj
reagent$impl$component$dash_to_method_name:ij
reagent$impl$component$functional_render:qj
reagent$impl$component$functional_render_fn:sj
reagent$impl$component$functional_render_memo_fn:rj
reagent$impl$component$functional_wrap_render:pj
reagent$impl$component$map_to_js:lj
reagent$impl$component$obligatory:hj
reagent$impl$component$props_argv:dj
reagent$impl$component$rat_opts:bj
reagent$impl$component$reagent_class_QMARK_:ej
reagent$impl$component$wrap_funs:kj
reagent$impl$component$wrap_render:fj
reagent$impl$input$_STAR_force_set_dom_value_STAR_:uj
reagent$impl$input$input_component_set_value:wj
reagent$impl$input$input_handle_change:xj
reagent$impl$input$input_node_set_value:vj
reagent$impl$input$input_render_setup:yj
reagent$impl$input$input_spec:zj
reagent$impl$input$these_inputs_have_selection_api:tj
reagent$impl$protocols$as_element:Ji
reagent$impl$protocols$get_id:Hi
reagent$impl$protocols$make_element:Ki
reagent$impl$protocols$parse_tag:Ii
reagent$impl$template$HiccupTag:Jj
reagent$impl$template$_STAR_current_default_compiler_STAR_:Sj
reagent$impl$template$cache_get:Cj
reagent$impl$template$convert_custom_prop_value:Hj
reagent$impl$template$convert_prop_value:Ej
reagent$impl$template$custom_kv_conv:Gj
reagent$impl$template$custom_prop_name_cache:Fj
reagent$impl$template$expand_seq:Pj
reagent$impl$template$function_element:Lj
reagent$impl$template$kv_conv:Dj
reagent$impl$template$make_element:Ij
reagent$impl$template$maybe_function_element:Mj
reagent$impl$template$native_element:Oj
reagent$impl$template$prop_name_cache:Bj
reagent$impl$template$re_tag:Aj
reagent$impl$template$reag_element:Kj
reagent$impl$template$t_reagent$0impl$0template27310:Rj
reagent$impl$template$tag_name_cache:Nj
reagent$impl$template$vec_to_elem:Qj
reagent$impl$util$_STAR_always_update_STAR_:ui
reagent$impl$util$capitalize:pi
reagent$impl$util$class_names:ti
reagent$impl$util$dash_to_prop_name:qi
reagent$impl$util$dont_camel_case:oi
reagent$impl$util$fun_name:ri
reagent$impl$util$get_react_key:vi
reagent$impl$util$is_client:ni
reagent$impl$util$named_QMARK_:si
reagent$impl$util$react_key_from_vec:wi
reagent$ratom$RAtom:Ui
reagent$ratom$Reaction:Xi
reagent$ratom$_STAR_ratom_context_STAR_:Mi
reagent$ratom$add_w:Pi
reagent$ratom$atom:Vi
reagent$ratom$deref_capture:Ni
reagent$ratom$dispose_BANG_:Wi
reagent$ratom$flush_BANG_:Yi
reagent$ratom$handle_reaction_change:Eb
reagent$ratom$make_reaction:Zi
reagent$ratom$notify_deref_watcher_BANG_:Oi
reagent$ratom$notify_w:Ri
reagent$ratom$pr_atom:Si
reagent$ratom$rea_queue:Ti
reagent$ratom$remove_w:Qi
reagent$ratom$run_in_reaction:aj
reagent$ratom$temp_reaction:$i
shadow$js$files:di
shadow$js$jsRequire:gi
shadow$js$nativeProvides:ei
shadow$js$requireStack:fi
