__hash:v
_hash:kb
_meta:Na
_next:ab
_rest:Xb
_seq:ub
afn:u
afterRender:Jb
arr:i
auto_run:Oa
beforeFlush:Kb
bitmap:S
buf:Yb
buffer_:Ua
cached_hierarchy:Lb
captured:Zb
caught:$b
chunk:Pa
cljs$core$APersistentVector$:ac
cljs$core$Fn$:Jc
cljs$core$IAssociative$:Kc
cljs$core$IAssociative$_assoc$arity$3:Qa
cljs$core$IAssociative$_contains_key_QMARK_$arity$2:bb
cljs$core$IChunk$_drop_first$arity$1:qc
cljs$core$IChunkedNext$_chunked_next$arity$1:rc
cljs$core$IChunkedSeq$:ld
cljs$core$IChunkedSeq$_chunked_first$arity$1:bc
cljs$core$IChunkedSeq$_chunked_rest$arity$1:Mb
cljs$core$ICollection$:md
cljs$core$ICollection$_conj$arity$2:$
cljs$core$ICounted$:sc
cljs$core$ICounted$_count$arity$1:Y
cljs$core$IDeref$_deref$arity$1:Va
cljs$core$IDrop$:nd
cljs$core$IDrop$_drop$arity$2:Wa
cljs$core$IEditableCollection$:Lc
cljs$core$IEditableCollection$_as_transient$arity$1:lb
cljs$core$IEmptyableCollection$:Mc
cljs$core$IEmptyableCollection$_empty$arity$1:X
cljs$core$IEncodeClojure$:zd
cljs$core$IEncodeClojure$_js__GT_clj$arity$2:yd
cljs$core$IEncodeJS$:Nc
cljs$core$IEncodeJS$_clj__GT_js$arity$1:Oc
cljs$core$IEquiv$_equiv$arity$2:M
cljs$core$IFind$_find$arity$2:mb
cljs$core$IFn$:od
cljs$core$IFn$_invoke$arity$0:B
cljs$core$IFn$_invoke$arity$1:g
cljs$core$IFn$_invoke$arity$10:sa
cljs$core$IFn$_invoke$arity$11:ta
cljs$core$IFn$_invoke$arity$12:ua
cljs$core$IFn$_invoke$arity$13:va
cljs$core$IFn$_invoke$arity$14:wa
cljs$core$IFn$_invoke$arity$15:xa
cljs$core$IFn$_invoke$arity$16:ya
cljs$core$IFn$_invoke$arity$17:za
cljs$core$IFn$_invoke$arity$18:Aa
cljs$core$IFn$_invoke$arity$19:Ba
cljs$core$IFn$_invoke$arity$2:h
cljs$core$IFn$_invoke$arity$20:Ca
cljs$core$IFn$_invoke$arity$21:vb
cljs$core$IFn$_invoke$arity$3:j
cljs$core$IFn$_invoke$arity$4:D
cljs$core$IFn$_invoke$arity$5:J
cljs$core$IFn$_invoke$arity$6:oa
cljs$core$IFn$_invoke$arity$7:Da
cljs$core$IFn$_invoke$arity$8:pa
cljs$core$IFn$_invoke$arity$9:Ea
cljs$core$IFn$_invoke$arity$variadic:o
cljs$core$IHash$:pd
cljs$core$IHash$_hash$arity$1:N
cljs$core$IIndexed$:tc
cljs$core$IIndexed$_nth$arity$2:T
cljs$core$IIndexed$_nth$arity$3:qa
cljs$core$IIterable$:qd
cljs$core$IIterable$_iterator$arity$1:Fa
cljs$core$IKVReduce$:Pc
cljs$core$IKVReduce$_kv_reduce$arity$3:wb
cljs$core$IList$:rd
cljs$core$ILookup$:Qc
cljs$core$ILookup$_lookup$arity$2:ma
cljs$core$ILookup$_lookup$arity$3:O
cljs$core$IMap$:sd
cljs$core$IMap$_dissoc$arity$2:cc
cljs$core$IMapEntry$:td
cljs$core$IMapEntry$_key$arity$1:Rc
cljs$core$IMapEntry$_val$arity$1:Sc
cljs$core$IMeta$:Tc
cljs$core$IMeta$_meta$arity$1:V
cljs$core$INamed$:uc
cljs$core$INamed$_name$arity$1:xb
cljs$core$INamed$_namespace$arity$1:yb
cljs$core$INext$:zb
cljs$core$INext$_next$arity$1:fa
cljs$core$IPrintWithWriter$:Z
cljs$core$IPrintWithWriter$_pr_writer$arity$3:P
cljs$core$IRecord$:ud
cljs$core$IReduce$:Uc
cljs$core$IReduce$_reduce$arity$2:ga
cljs$core$IReduce$_reduce$arity$3:ha
cljs$core$IReset$_reset_BANG_$arity$2:Ha
cljs$core$ISeq$:nb
cljs$core$ISeq$_first$arity$1:da
cljs$core$ISeq$_rest$arity$1:ea
cljs$core$ISeqable$:Vc
cljs$core$ISeqable$_seq$arity$1:U
cljs$core$ISequential$:vc
cljs$core$ISet$:vd
cljs$core$ISet$_disjoin$arity$2:wc
cljs$core$IStack$_peek$arity$1:cb
cljs$core$IStack$_pop$arity$1:eb
cljs$core$ISwap$_swap_BANG_$arity$2:dc
cljs$core$ISwap$_swap_BANG_$arity$3:ec
cljs$core$ISwap$_swap_BANG_$arity$4:fc
cljs$core$ISwap$_swap_BANG_$arity$5:hc
cljs$core$ITransientAssociative$_assoc_BANG_$arity$3:ob
cljs$core$ITransientCollection$_conj_BANG_$arity$2:pb
cljs$core$ITransientCollection$_persistent_BANG_$arity$1:Ab
cljs$core$IUUID$:Wc
cljs$core$IVector$:wd
cljs$core$IVector$_assoc_n$arity$3:fb
cljs$core$IWatchable$_add_watch$arity$3:Nb
cljs$core$IWatchable$_notify_watches$arity$3:ic
cljs$core$IWatchable$_remove_watch$arity$2:Ob
cljs$core$IWithMeta$_with_meta$arity$2:W
cljs$core$IWriter$_write$arity$2:xc
cljs$lang$applyTo:G
cljs$lang$ctorPrWriter:Xc
cljs$lang$ctorStr:Pb
cljs$lang$maxFixedArity:H
cljs$lang$protocol_mask$partition$:yc
cljs$lang$protocol_mask$partition0$:l
cljs$lang$protocol_mask$partition1$:C
cljs$lang$type:zc
cljsDOMValue:Qb
cljsInputDirty:Ac
cljsInputLive:jc
cljsLegacyRender:Yc
cljsMountOrder:kc
cljsRenderedValue:Zc
cljsState:$c
cnt:m
collision_hash:Ra
componentQueue:Rb
custom:ad
default_dispatch_val:bd
dirty_QMARK_:Xa
dispatch_fn:A
edit:R
editable_QMARK_:qb
ensure_editable:gb
fn:Bb
fn_to_element:Bc
fqn:Ga
front:na
fseq:rb
hasNext:aa
has_nil_QMARK_:ia
hash_map:Sa
hierarchy:Sb
i:s
inode_assoc:Ia
inode_assoc_BANG_:Ja
inode_find:Cb
inode_lookup:Ya
inode_seq:Db
inode_without:Eb
inputEl:lc
iter:sb
kv_reduce:Fb
len:hb
meta25115:cd
meta27311:dd
method_cache:Tb
method_table:Ub
more:Ka
mseq:K
next_entry:Gb
next_iter:La
nil_val:ja
nocache_QMARK_:Cc
nodes:Ma
ns:tb
off:ca
on_dispose:Dc
on_dispose_arr:xd
on_set:ed
opts:fd
parse_fn:Vb
prefer_table:gd
reagent$impl$protocols$Compiler$as_element$arity$2:Ec
reagent$impl$protocols$Compiler$get_id$arity$1:hd
reagent$impl$protocols$Compiler$make_element$arity$5:Fc
reagent$impl$protocols$Compiler$parse_tag$arity$3:Gc
reagent$ratom$IDisposable$dispose_BANG_$arity$1:mc
reagentInput:jd
reagentRefFn:Hc
reagentRender:Za
rear:ra
rest:Ta
riter:Hb
root_iter:Ic
s:I
sb:kd
scheduled_QMARK_:Wb
seen:nc
str:$a
transient_map:ib
uuid:Ib
v:ba
val:F
validator:oc
vec:ka
watches:la
watchesArr:pc
watching:jb
