JSCompiler_StaticMethods_assoc_BANG_:nf
JSCompiler_StaticMethods_cljs$core$ITransientVector$_assoc_n_BANG_$arity$3:re
JSCompiler_StaticMethods_sval:id
JSCompiler_prototypeAlias:g
L 0:a
L 1:b
L 10:n
L 11:p
L 12:q
L 13:r
L 14:w
L 15:A
L 16:u
L 17:E
L 18:G
L 19:O
L 2:c
L 20:W
L 21:qa
L 22:vc
L 3:d
L 4:e
L 5:f
L 6:h
L 7:k
L 8:l
L 9:m
cljs$core$ArrayChunk:kd
cljs$core$ArrayNode:Xe
cljs$core$ArrayNodeIterator:af
cljs$core$ArrayNodeSeq:hf
cljs$core$BitmapIndexedNode:Te
cljs$core$BitmapIndexedNode$EMPTY:We
cljs$core$Box:Oe
cljs$core$ChunkBuffer:jd
cljs$core$ChunkedCons:ld
cljs$core$ChunkedSeq:ne
cljs$core$Cons:dd
cljs$core$ES6EntriesIterator:ze
cljs$core$ES6Iterator:bc
cljs$core$ES6IteratorSeq:dc
cljs$core$EmptyList:cd
cljs$core$HashCollisionNode:ef
cljs$core$HashMapIter:kf
cljs$core$IAssociative:Ta
cljs$core$ICounted:Fa
cljs$core$IEmptyableCollection:Ha
cljs$core$IIndexed:La
cljs$core$IIndexed$_nth$dyn_7555:Ma
cljs$core$IIterable:Fb
cljs$core$IKVReduce:ib
cljs$core$IList:pb
cljs$core$ILookup:Qa
cljs$core$ILookup$_lookup$dyn_7564:Sa
cljs$core$IMap:Wa
cljs$core$IMeta:cb
cljs$core$INext:Pa
cljs$core$IPrintWithWriter:rb
cljs$core$IRecord:qb
cljs$core$IReduce:fb
cljs$core$IReduce$_reduce$dyn_7588:hb
cljs$core$ISeqable:mb
cljs$core$ISequential:ob
cljs$core$ITER_SYMBOL:Aa
cljs$core$IVector:bb
cljs$core$IndexedSeq:K
cljs$core$IndexedSeqIterator:sc
cljs$core$KeySeq:pf
cljs$core$Keyword:I
cljs$core$LazySeq:hd
cljs$core$List:yc
cljs$core$List$EMPTY:N
cljs$core$MapEntry:Be
cljs$core$MetaFn:Dc
cljs$core$NeverEquiv:we
cljs$core$NodeIterator:Se
cljs$core$NodeSeq:ff
cljs$core$PROTOCOL_SENTINEL:v
cljs$core$PersistentArrayMap:pa
cljs$core$PersistentArrayMap$EMPTY:Cd
cljs$core$PersistentArrayMap$HASHMAP_THRESHOLD:He
cljs$core$PersistentArrayMap$createAsIfByAssocComplexPath:Me
cljs$core$PersistentArrayMapIterator:De
cljs$core$PersistentArrayMapSeq:Ce
cljs$core$PersistentHashMap:lf
cljs$core$PersistentHashMap$EMPTY:Ie
cljs$core$PersistentVector:Y
cljs$core$PersistentVector$EMPTY:xc
cljs$core$PersistentVector$EMPTY_NODE:de
cljs$core$RangedIterator:ae
cljs$core$Reduced:ic
cljs$core$StringBufferWriter:Ib
cljs$core$Symbol:Ub
cljs$core$TransientArrayMap:Ge
cljs$core$TransientHashMap:mf
cljs$core$TransientVector:ee
cljs$core$ValSeq:qf
cljs$core$VectorNode:Rd
cljs$core$_EQ_:Q
cljs$core$_STAR_print_fn_STAR_:la
cljs$core$_STAR_print_level_STAR_:na
cljs$core$_STAR_print_newline_STAR_:ma
cljs$core$_as_transient:tb
cljs$core$_assoc:Va
cljs$core$_assoc_BANG_:wb
cljs$core$_chunked_first:yb
cljs$core$_chunked_rest:zb
cljs$core$_conj:Ka
cljs$core$_conj_BANG_:ub
cljs$core$_contains_key_QMARK_:Ua
cljs$core$_count:Ga
cljs$core$_deref:F
cljs$core$_drop_first:xb
cljs$core$_empty:Ia
cljs$core$_equiv:kb
cljs$core$_first:D
cljs$core$_hash:lb
cljs$core$_indexOf$cljs$0core$0IFn$0_invoke$0arity$03:R
cljs$core$_iterator:Gb
cljs$core$_key:Xa
cljs$core$_kv_reduce:jb
cljs$core$_lastIndexOf$cljs$0core$0IFn$0_invoke$0arity$03:T
cljs$core$_lookup:Ra
cljs$core$_meta:db
cljs$core$_nth:C
cljs$core$_persistent_BANG_:vb
cljs$core$_pr_writer:sb
cljs$core$_reduce:gb
cljs$core$_rest:Oa
cljs$core$_seq:nb
cljs$core$_val:Ya
cljs$core$_with_meta:eb
cljs$core$_write:H
cljs$core$aclone:Ba
cljs$core$apply:Ec
cljs$core$apply$cljs$0core$0IFn$0_invoke$0arity$02:xd
cljs$core$apply$cljs$0core$0IFn$0_invoke$0arity$03:yd
cljs$core$apply_to:rd
cljs$core$apply_to_simple$cljs$0core$0IFn$0_invoke$0arity$03:td
cljs$core$apply_to_simple$cljs$0core$0IFn$0_invoke$0arity$04:ud
cljs$core$apply_to_simple$cljs$0core$0IFn$0_invoke$0arity$05:vd
cljs$core$apply_to_simple$cljs$0core$0IFn$0_invoke$0arity$06:wd
cljs$core$array__GT_transient_hash_map:Ne
cljs$core$array_copy:Nc
cljs$core$array_for:Yd
cljs$core$array_index_of:Ae
cljs$core$array_reduce$cljs$0core$0IFn$0_invoke$0arity$02:lc
cljs$core$array_reduce$cljs$0core$0IFn$0_invoke$0arity$03:mc
cljs$core$array_reduce$cljs$0core$0IFn$0_invoke$0arity$04:nc
cljs$core$assoc:Bc
cljs$core$bit_count:ad
cljs$core$boolean$0:Pc
cljs$core$bounded_count:od
cljs$core$char_escapes:Bf
cljs$core$chunk_append:nd
cljs$core$chunk_cons:md
cljs$core$chunked_seq:ie
cljs$core$chunked_seq$cljs$0core$0IFn$0_invoke$0arity$04:he
cljs$core$chunked_seq$cljs$0core$0IFn$0_invoke$0arity$05:oe
cljs$core$chunked_seq_QMARK_:Mc
cljs$core$clone_and_set$cljs$0core$0IFn$0_invoke$0arity$03:Pe
cljs$core$conj:wc
cljs$core$cons:U
cljs$core$contains_QMARK_:Rc
cljs$core$count:S
cljs$core$counted_QMARK_:oc
cljs$core$create_array_node_seq:cf
cljs$core$create_array_node_seq$cljs$0core$0IFn$0_invoke$0arity$01:bf
cljs$core$create_array_node_seq$cljs$0core$0IFn$0_invoke$0arity$03:jf
cljs$core$create_inode_seq:Ve
cljs$core$create_inode_seq$cljs$0core$0IFn$0_invoke$0arity$01:Ue
cljs$core$create_inode_seq$cljs$0core$0IFn$0_invoke$0arity$03:gf
cljs$core$create_node:Ze
cljs$core$create_node$cljs$0core$0IFn$0_invoke$0arity$06:$e
cljs$core$create_node$cljs$0core$0IFn$0_invoke$0arity$07:Ye
cljs$core$deref:kc
cljs$core$do_assoc:Zd
cljs$core$edit_and_set$cljs$0core$0IFn$0_invoke$0arity$04:Qe
cljs$core$empty_ordered_hash:fc
cljs$core$empty_unordered_hash:hc
cljs$core$enable_console_print_BANG_:wa
cljs$core$equiv_map:ye
cljs$core$equiv_sequential:tc
cljs$core$es6_iterator:cc
cljs$core$es6_iterator_seq:$b
cljs$core$every_QMARK_:Ed
cljs$core$first:M
cljs$core$get:Wb
cljs$core$get$cljs$0core$0IFn$0_invoke$0arity$02:Vb
cljs$core$get$cljs$0core$0IFn$0_invoke$0arity$03:Xb
cljs$core$hash:Sb
cljs$core$hash_collision_node_find_index:df
cljs$core$hash_combine:Tb
cljs$core$hash_ordered_coll:ec
cljs$core$hash_string:Rb
cljs$core$hash_unordered_coll:gc
cljs$core$identity:Yc
cljs$core$imul:Kb
cljs$core$indexed_QMARK_:pc
cljs$core$inode_kv_reduce:Re
cljs$core$into$cljs$0core$0IFn$0_invoke$0arity$02:Pd
cljs$core$into_array$cljs$0core$0IFn$0_invoke$0arity$02:ba
cljs$core$iter_reduce$cljs$0core$0IFn$0_invoke$0arity$02:Uc
cljs$core$iter_reduce$cljs$0core$0IFn$0_invoke$0arity$03:Vc
cljs$core$iterable_QMARK_:Zb
cljs$core$key:le
cljs$core$key_test:Je
cljs$core$keys:Ee
cljs$core$keyword:fd
cljs$core$lift_ns:Lf
cljs$core$linear_traversal_nth$cljs$0core$0IFn$0_invoke$0arity$03:Ac
cljs$core$lookup_sentinel:Oc
cljs$core$m3_fmix:Nb
cljs$core$m3_hash_unencoded_chars:Ob
cljs$core$m3_mix_H1:Mb
cljs$core$m3_mix_K1:Lb
cljs$core$map:X
cljs$core$map_QMARK_:Jc
cljs$core$map_entry_QMARK_:ke
cljs$core$meta:Gc
cljs$core$missing_protocol:z
cljs$core$name:gd
cljs$core$namespace:ed
cljs$core$native_satisfies_QMARK_:y
cljs$core$never_equiv:xe
cljs$core$new_path:Vd
cljs$core$next:P
cljs$core$next_STAR_:sd
cljs$core$nth:rc
cljs$core$nth$cljs$0core$0IFn$0_invoke$0arity$02:qc
cljs$core$nth$cljs$0core$0IFn$0_invoke$0arity$03:V
cljs$core$pam_grow_seed_array:Le
cljs$core$pam_new_size:Ke
cljs$core$pr_opts:oa
cljs$core$pr_sequential_writer:xf
cljs$core$pr_str_STAR_:Jb
cljs$core$pr_writer:Z
cljs$core$pr_writer_impl:Ef
cljs$core$prim_seq$cljs$0core$0IFn$0_invoke$0arity$02:uc
cljs$core$print_map:Ff
cljs$core$print_meta_QMARK_:Df
cljs$core$print_prefix_map:Mf
cljs$core$push_tail:Wd
cljs$core$pv_fresh_node:Sd
cljs$core$pv_reduce$cljs$0core$0IFn$0_invoke$0arity$04:be
cljs$core$pv_reduce$cljs$0core$0IFn$0_invoke$0arity$05:ce
cljs$core$quot:$c
cljs$core$quote_string:Cf
cljs$core$record_QMARK_:Kc
cljs$core$reduce:Ea
cljs$core$reduce$cljs$0core$0IFn$0_invoke$0arity$03:Da
cljs$core$reduce_kv:Xc
cljs$core$reduced_QMARK_:jc
cljs$core$rest:ac
cljs$core$seq:J
cljs$core$seq_reduce$cljs$0core$0IFn$0_invoke$0arity$02:Sc
cljs$core$seq_reduce$cljs$0core$0IFn$0_invoke$0arity$03:Tc
cljs$core$sequential_QMARK_:Ic
cljs$core$spread:pd
cljs$core$str:B
cljs$core$string_hash_cache:Pb
cljs$core$string_hash_cache_count:Qb
cljs$core$string_print:Af
cljs$core$strip_ns:Kf
cljs$core$symbol:Yb
cljs$core$t_cljs$0core6247:Dd
cljs$core$tail_off:Ud
cljs$core$truth_:x
cljs$core$tv_editable_root:fe
cljs$core$tv_editable_tail:ge
cljs$core$tv_ensure_editable:pe
cljs$core$tv_push_tail:qe
cljs$core$type__GT_str:za
cljs$core$unchecked_array_for:Xd
cljs$core$val:me
cljs$core$vals:Fe
cljs$core$vector_QMARK_:Lc
cljs$core$with_meta:Fc
cljs$core$write_all$cljs$0core$0IFn$0_invoke$0arity$0variadic:zf
cljs$cst$0$flush_on_newline:ra
cljs$cst$1$readably:sa
cljs$cst$105$more_marker:yf
cljs$cst$106$alt_impl:Gf
cljs$cst$107$fallback_impl:Hf
cljs$cst$2$meta:ta
cljs$cst$3$dup:ua
cljs$cst$4$print_length:va
cljs$nodejs$require:Jg
ctype$server$app:Hc
ctype$server$express:ab
ctype$server$fs:Qd
ctype$server$http:Td
ctype$server$path:Bd
ctype$server$pug:zc
ctype$server$serve_static_file:Zc
ctype$server$setup_routes:Qc
ctype$server$start_server:aa
goog$UID_PROPERTY_:da
goog$string$StringBuffer:ka
goog$typeOf:t
goog$uidCounter_:ea
module$contents$goog$object_getKeys:ha
