JSCompiler_StaticMethods_assoc_BANG_:Af
JSCompiler_StaticMethods_cljs$core$ITransientVector$_assoc_n_BANG_$arity$3:He
JSCompiler_StaticMethods_sval:ud
JSCompiler_prototypeAlias:g
L 0:a
L 1:b
L 10:n
L 11:p
L 12:r
L 13:u
L 14:A
L 15:D
L 16:I
L 17:N
L 18:R
L 19:ba
L 2:c
L 20:na
L 21:Wa
L 22:ag
L 3:d
L 4:e
L 5:f
L 6:h
L 7:k
L 8:l
L 9:m
cljs$core$ArrayChunk:wd
cljs$core$ArrayNode:kf
cljs$core$ArrayNodeIterator:of
cljs$core$ArrayNodeSeq:vf
cljs$core$Atom:Vd
cljs$core$BitmapIndexedNode:ff
cljs$core$BitmapIndexedNode$EMPTY:jf
cljs$core$Box:$e
cljs$core$ChunkBuffer:vd
cljs$core$ChunkedCons:xd
cljs$core$ChunkedSeq:Be
cljs$core$Cons:qd
cljs$core$ES6EntriesIterator:Le
cljs$core$ES6Iterator:jc
cljs$core$ES6IteratorSeq:lc
cljs$core$ES6SetEntriesIterator:Me
cljs$core$EmptyList:pd
cljs$core$Fn:Ea
cljs$core$HashCollisionNode:sf
cljs$core$HashMapIter:xf
cljs$core$HashSetIter:Hf
cljs$core$IAssociative:Ua
cljs$core$ICollection:Ka
cljs$core$ICounted:Ga
cljs$core$IEmptyableCollection:Ia
cljs$core$IEncodeJS:fg
cljs$core$IFn:Fa
cljs$core$IIndexed:Ma
cljs$core$IIndexed$_nth$dyn_7866:Na
cljs$core$IIterable:Nb
cljs$core$IKVReduce:pb
cljs$core$IList:wb
cljs$core$ILookup:Ra
cljs$core$ILookup$_lookup$dyn_7876:Ta
cljs$core$IMap:Za
cljs$core$IMeta:jb
cljs$core$INIT:Pd
cljs$core$INext:Qa
cljs$core$IPrintWithWriter:yb
cljs$core$IRecord:xb
cljs$core$IReduce:mb
cljs$core$IReduce$_reduce$dyn_7920:ob
cljs$core$ISeq:Oa
cljs$core$ISeqable:tb
cljs$core$ISequential:vb
cljs$core$ISet:cb
cljs$core$ISwap$_swap_BANG_$dyn_7993:Mb
cljs$core$ITER_SYMBOL:za
cljs$core$IVector:gb
cljs$core$IndexedSeq:G
cljs$core$IndexedSeqIterator:Dc
cljs$core$KeySeq:Bf
cljs$core$Keyword:E
cljs$core$LazySeq:td
cljs$core$List:Ic
cljs$core$List$EMPTY:J
cljs$core$MapEntry:pe
cljs$core$MetaFn:Nc
cljs$core$NeverEquiv:Ie
cljs$core$NodeIterator:ef
cljs$core$NodeSeq:tf
cljs$core$PROTOCOL_SENTINEL:t
cljs$core$PersistentArrayMap:qa
cljs$core$PersistentArrayMap$EMPTY:Nd
cljs$core$PersistentArrayMap$HASHMAP_THRESHOLD:Te
cljs$core$PersistentArrayMap$createAsIfByAssoc:Kc
cljs$core$PersistentArrayMap$createAsIfByAssocComplexPath:Ye
cljs$core$PersistentArrayMapIterator:Pe
cljs$core$PersistentArrayMapSeq:Oe
cljs$core$PersistentHashMap:yf
cljs$core$PersistentHashMap$EMPTY:Ue
cljs$core$PersistentHashSet:If
cljs$core$PersistentHashSet$EMPTY:Kf
cljs$core$PersistentVector:X
cljs$core$PersistentVector$EMPTY:Hc
cljs$core$PersistentVector$EMPTY_NODE:Y
cljs$core$PersistentVector$fromArray:ve
cljs$core$RangedIterator:le
cljs$core$Reduced:rc
cljs$core$START:Qd
cljs$core$SeqIter:Rd
cljs$core$StringBufferWriter:Qb
cljs$core$Subvec:De
cljs$core$Symbol:bc
cljs$core$TransientArrayMap:Se
cljs$core$TransientHashMap:zf
cljs$core$TransientHashSet:Jf
cljs$core$TransientVector:qe
cljs$core$ValSeq:Cf
cljs$core$VectorNode:ae
cljs$core$_EQ_:M
cljs$core$_STAR_print_fn_STAR_:tg
cljs$core$_STAR_print_level_STAR_:oa
cljs$core$_STAR_print_newline_STAR_:Lg
cljs$core$__destructure_map:Md
cljs$core$_add_watch:Ab
cljs$core$_as_transient:Db
cljs$core$_assoc:Xa
cljs$core$_assoc_BANG_:Gb
cljs$core$_assoc_n:hb
cljs$core$_chunked_first:Ib
cljs$core$_chunked_rest:Jb
cljs$core$_clj__GT_js:gg
cljs$core$_conj:La
cljs$core$_conj_BANG_:Eb
cljs$core$_contains_key_QMARK_:Va
cljs$core$_count:Ha
cljs$core$_deref:ib
cljs$core$_disjoin:db
cljs$core$_dissoc:$a
cljs$core$_drop:Pb
cljs$core$_drop_first:Hb
cljs$core$_empty:Ja
cljs$core$_equiv:rb
cljs$core$_find:Ya
cljs$core$_first:B
cljs$core$_hash:sb
cljs$core$_indexOf$cljs$0core$0IFn$0_invoke$0arity$03:O
cljs$core$_iterator:Ob
cljs$core$_key:ab
cljs$core$_kv_reduce:qb
cljs$core$_lastIndexOf$cljs$0core$0IFn$0_invoke$0arity$03:Q
cljs$core$_lookup:Sa
cljs$core$_meta:kb
cljs$core$_nth:z
cljs$core$_peek:eb
cljs$core$_persistent_BANG_:Fb
cljs$core$_pop:fb
cljs$core$_pr_writer:zb
cljs$core$_reduce:nb
cljs$core$_remove_watch:Cb
cljs$core$_reset_BANG_:Kb
cljs$core$_rest:Pa
cljs$core$_seq:ub
cljs$core$_swap_BANG_:Lb
cljs$core$_val:bb
cljs$core$_with_meta:lb
cljs$core$_write:C
cljs$core$aclone:Aa
cljs$core$apply:Oc
cljs$core$apply$cljs$0core$0IFn$0_invoke$0arity$02:Id
cljs$core$apply$cljs$0core$0IFn$0_invoke$0arity$03:Jd
cljs$core$apply$cljs$0core$0IFn$0_invoke$0arity$05:Kd
cljs$core$apply$cljs$0core$0IFn$0_invoke$0arity$0variadic:Ld
cljs$core$apply_to:Cd
cljs$core$apply_to_simple$cljs$0core$0IFn$0_invoke$0arity$03:Ed
cljs$core$apply_to_simple$cljs$0core$0IFn$0_invoke$0arity$04:Fd
cljs$core$apply_to_simple$cljs$0core$0IFn$0_invoke$0arity$05:Gd
cljs$core$apply_to_simple$cljs$0core$0IFn$0_invoke$0arity$06:Hd
cljs$core$array_QMARK_:xa
cljs$core$array__GT_transient_hash_map:Ze
cljs$core$array_copy:$c
cljs$core$array_for:ie
cljs$core$array_index_of:Ne
cljs$core$array_reduce$cljs$0core$0IFn$0_invoke$0arity$02:wc
cljs$core$array_reduce$cljs$0core$0IFn$0_invoke$0arity$03:xc
cljs$core$array_reduce$cljs$0core$0IFn$0_invoke$0arity$04:yc
cljs$core$assoc:U
cljs$core$bit_count:od
cljs$core$boolean$0:bd
cljs$core$bounded_count:Ad
cljs$core$build_subvec:Ee
cljs$core$char_escapes:Rf
cljs$core$chunk_append:zd
cljs$core$chunk_cons:yd
cljs$core$chunked_seq:ue
cljs$core$chunked_seq$cljs$0core$0IFn$0_invoke$0arity$04:te
cljs$core$chunked_seq$cljs$0core$0IFn$0_invoke$0arity$05:Ce
cljs$core$chunked_seq_QMARK_:Zc
cljs$core$ci_reduce$cljs$0core$0IFn$0_invoke$0arity$02:uc
cljs$core$ci_reduce$cljs$0core$0IFn$0_invoke$0arity$03:vc
cljs$core$clj__GT_js:ig
cljs$core$clone_and_set$cljs$0core$0IFn$0_invoke$0arity$03:af
cljs$core$coll_QMARK_:Tc
cljs$core$conj:Gc
cljs$core$cons:S
cljs$core$contains_QMARK_:ed
cljs$core$count:P
cljs$core$counted_QMARK_:zc
cljs$core$create_array_node_seq:qf
cljs$core$create_array_node_seq$cljs$0core$0IFn$0_invoke$0arity$01:pf
cljs$core$create_array_node_seq$cljs$0core$0IFn$0_invoke$0arity$03:wf
cljs$core$create_inode_seq:hf
cljs$core$create_inode_seq$cljs$0core$0IFn$0_invoke$0arity$01:gf
cljs$core$create_inode_seq$cljs$0core$0IFn$0_invoke$0arity$03:uf
cljs$core$create_node:mf
cljs$core$create_node$cljs$0core$0IFn$0_invoke$0arity$06:nf
cljs$core$create_node$cljs$0core$0IFn$0_invoke$0arity$07:lf
cljs$core$deref:tc
cljs$core$disj:Rc
cljs$core$dissoc:Lc
cljs$core$do_assoc:je
cljs$core$drop$cljs$0core$0IFn$0_invoke$0arity$02:Yd
cljs$core$drop_last$cljs$0core$0IFn$0_invoke$0arity$02:Zd
cljs$core$edit_and_set$cljs$0core$0IFn$0_invoke$0arity$04:cf
cljs$core$empty_QMARK_:Sc
cljs$core$empty_ordered_hash:nc
cljs$core$empty_unordered_hash:pc
cljs$core$enable_console_print_BANG_:Ug
cljs$core$equiv_map:Ke
cljs$core$equiv_sequential:Ec
cljs$core$es6_iterator:kc
cljs$core$es6_iterator_seq:hc
cljs$core$every_QMARK_:Sd
cljs$core$first:H
cljs$core$fn_QMARK_:Mc
cljs$core$gensym$cljs$0core$0IFn$0_invoke$0arity$01:eg
cljs$core$gensym_counter:dg
cljs$core$get:dc
cljs$core$get$cljs$0core$0IFn$0_invoke$0arity$02:cc
cljs$core$get$cljs$0core$0IFn$0_invoke$0arity$03:ec
cljs$core$hash:$b
cljs$core$hash_collision_node_find_index:rf
cljs$core$hash_combine:ac
cljs$core$hash_ordered_coll:mc
cljs$core$hash_string:Zb
cljs$core$hash_unordered_coll:oc
cljs$core$identity:ld
cljs$core$ifn_QMARK_:cd
cljs$core$imul:Sb
cljs$core$inc:qc
cljs$core$indexed_QMARK_:Ac
cljs$core$inode_kv_reduce:df
cljs$core$integer_QMARK_:dd
cljs$core$into:$d
cljs$core$into_array$cljs$0core$0IFn$0_invoke$0arity$02:Ba
cljs$core$iter_reduce$cljs$0core$0IFn$0_invoke$0arity$02:hd
cljs$core$iter_reduce$cljs$0core$0IFn$0_invoke$0arity$03:id
cljs$core$iterable_QMARK_:gc
cljs$core$keep$cljs$0core$0IFn$0_invoke$0arity$02:Ud
cljs$core$key:ye
cljs$core$key__GT_js$cljs$0core$0IFn$0_invoke$0arity$02:hg
cljs$core$key_test:Ve
cljs$core$keys:Qe
cljs$core$keyword:sd
cljs$core$lift_ns:$f
cljs$core$linear_traversal_nth$cljs$0core$0IFn$0_invoke$0arity$03:Jc
cljs$core$lookup_sentinel:ad
cljs$core$m3_fmix:Vb
cljs$core$m3_hash_unencoded_chars:Wb
cljs$core$m3_mix_H1:Ub
cljs$core$m3_mix_K1:Tb
cljs$core$map:W
cljs$core$map_QMARK_:Wc
cljs$core$map_entry_QMARK_:xe
cljs$core$merge:Df
cljs$core$meta:Qc
cljs$core$missing_protocol:x
cljs$core$name:V
cljs$core$namespace:rd
cljs$core$native_satisfies_QMARK_:w
cljs$core$never_equiv:Je
cljs$core$new_path:ee
cljs$core$next:K
cljs$core$next_STAR_:Dd
cljs$core$nth:Cc
cljs$core$nth$cljs$0core$0IFn$0_invoke$0arity$02:Bc
cljs$core$nth$cljs$0core$0IFn$0_invoke$0arity$03:T
cljs$core$pam_grow_seed_array:Xe
cljs$core$pam_new_size:We
cljs$core$pop_tail:ke
cljs$core$pr_opts:pa
cljs$core$pr_sequential_writer:Nf
cljs$core$pr_str_STAR_:Rb
cljs$core$pr_str_with_opts:Yf
cljs$core$pr_writer:Z
cljs$core$pr_writer_impl:Uf
cljs$core$prim_seq$cljs$0core$0IFn$0_invoke$0arity$02:Fc
cljs$core$print_map:Vf
cljs$core$print_meta_QMARK_:Tf
cljs$core$print_prefix_map:bg
cljs$core$println$cljs$0core$0IFn$0_invoke$0arity$0variadic:Wg
cljs$core$push_tail:fe
cljs$core$pv_clone_node:ce
cljs$core$pv_fresh_node:be
cljs$core$pv_reduce$cljs$0core$0IFn$0_invoke$0arity$04:ne
cljs$core$pv_reduce$cljs$0core$0IFn$0_invoke$0arity$05:oe
cljs$core$quot:nd
cljs$core$quote_string:Sf
cljs$core$ranged_iterator:me
cljs$core$re_find:bh
cljs$core$re_matches:Mf
cljs$core$record_QMARK_:Xc
cljs$core$reduce:Da
cljs$core$reduce$cljs$0core$0IFn$0_invoke$0arity$02:jd
cljs$core$reduce$cljs$0core$0IFn$0_invoke$0arity$03:Ca
cljs$core$reduce_kv:kd
cljs$core$reduced_QMARK_:sc
cljs$core$remove_pair:bf
cljs$core$reset_BANG_:Wd
cljs$core$rest:ic
cljs$core$select_keys:Ef
cljs$core$seq:F
cljs$core$seq_reduce$cljs$0core$0IFn$0_invoke$0arity$02:fd
cljs$core$seq_reduce$cljs$0core$0IFn$0_invoke$0arity$03:gd
cljs$core$sequential_QMARK_:Vc
cljs$core$set:Lf
cljs$core$set_QMARK_:Uc
cljs$core$some:Td
cljs$core$spread:Bd
cljs$core$str:y
cljs$core$string_hash_cache:Xb
cljs$core$string_hash_cache_count:Yb
cljs$core$string_print:Vg
cljs$core$strip_ns:Zf
cljs$core$swap_BANG_:Xd
cljs$core$symbol:fc
cljs$core$t_cljs$0core6554:Od
cljs$core$tail_off:de
cljs$core$transduce$cljs$0core$0IFn$0_invoke$0arity$04:md
cljs$core$truth_:v
cljs$core$tv_editable_root:re
cljs$core$tv_editable_tail:se
cljs$core$tv_ensure_editable:Fe
cljs$core$tv_push_tail:Ge
cljs$core$type__GT_str:ya
cljs$core$unchecked_array_for:he
cljs$core$val:ze
cljs$core$vals:Re
cljs$core$vec:we
cljs$core$vector:Ae
cljs$core$vector_QMARK_:Yc
cljs$core$vector_index_out_of_bounds:ge
cljs$core$with_meta:Pc
cljs$core$write_all$cljs$0core$0IFn$0_invoke$0arity$0variadic:Pf
cljs$cst$0$flush_on_newline:ra
cljs$cst$1$readably:sa
cljs$cst$105$more_marker:Of
cljs$cst$106$alt_impl:Wf
cljs$cst$107$fallback_impl:Xf
cljs$cst$108$val:cg
cljs$cst$126$keyword_fn:jg
cljs$cst$179$name:yg
cljs$cst$182$class:vg
cljs$cst$184$key:Sg
cljs$cst$186$on_dispose:Dg
cljs$cst$189$auto_run:mg
cljs$cst$193$on_set:Tg
cljs$cst$194$no_cache:Qf
cljs$cst$2$meta:ta
cljs$cst$202$shouldComponentUpdate:rg
cljs$cst$203$componentWillUnmount:ma
cljs$cst$204$reagentRender:xg
cljs$cst$205$render:Cg
cljs$cst$206$displayName:Eg
cljs$cst$207$cljsLegacyRender:Jg
cljs$cst$208$childContextTypes:sg
cljs$cst$209$contextTypes:Bg
cljs$cst$210$contextType:Qg
cljs$cst$211$getDerivedStateFromProps:ng
cljs$cst$212$getDerivedStateFromError:Fg
cljs$cst$213$getInitialState:pg
cljs$cst$214$constructor:wa
cljs$cst$215$reagent_render:zg
cljs$cst$216$on_write:la
cljs$cst$217$display_name:Mg
cljs$cst$218$component_did_update:wg
cljs$cst$219$component_will_unmount:ug
cljs$cst$222$id:Pg
cljs$cst$223$className:kg
cljs$cst$229$function_components:Ng
cljs$cst$230$parse_tag:og
cljs$cst$231$compiler:Hg
cljs$cst$232$callback:Gg
cljs$cst$233$div:Og
cljs$cst$234$h1:qg
cljs$cst$235$h2:Oi
cljs$cst$236$div_DOT_magic_box:Xg
cljs$cst$237$h3:Ni
cljs$cst$238$div_DOT_code_window:Rg
cljs$cst$239$button_DOT_magic_button:Ag
cljs$cst$240$on_click:Ig
cljs$cst$3$dup:ua
cljs$cst$4$print_length:va
cljs$cst$47$validator:Kg
cljs$cst$98$cljs_DOT_core_SLASH_not_found:Gf
clojure$set$difference:Fh
clojure$string$join$cljs$0core$0IFn$0_invoke$0arity$02:ah
clojure$string$replace:$g
clojure$string$replace_all:Yg
clojure$string$replace_with:Zg
clojure$string$split$cljs$0core$0IFn$0_invoke$0arity$02:Li
ctype$core$demo_component:Zi
ctype$core$init:$i
ctype$core$setup_event_listeners:ej
ctype$core$transform_to_cljs:dj
ctype$core$transform_to_js:cj
ctype$core$typed_add:Xi
ctype$core$typed_greet:Yi
fn_to_element$jscomp$inline_806:Ui
goog$UID_PROPERTY_:da
goog$exportSymbol:lg
goog$getUid:ca
goog$global:aa
goog$string$StringBuffer:ka
goog$typeOf:q
goog$uidCounter_:ea
id$jscomp$inline_805:Qi
module$contents$goog$object_PROTOTYPE_FIELDS:ia
module$contents$goog$object_extend:ja
module$contents$goog$object_get:ha
module$contents$goog$object_getKeys:fa
module$node_modules$react$index:gh
module$node_modules$react_dom$index:Ri
opts$jscomp$inline_804:Pi
parse_fn$jscomp$inline_807:Vi
reagent$dom$render$cljs$0core$0IFn$0_invoke$0arity$03:Wi
reagent$dom$render_comp:Ti
reagent$dom$roots:Si
reagent$impl$batching$RenderQueue:yh
reagent$impl$batching$compare_mount_order:uh
reagent$impl$batching$enqueue:xh
reagent$impl$batching$fake_raf:sh
reagent$impl$batching$mount_count:rh
reagent$impl$batching$next_tick:th
reagent$impl$batching$queue_render:Ah
reagent$impl$batching$ratom_flush:vh
reagent$impl$batching$render_queue:zh
reagent$impl$batching$run_funs:wh
reagent$impl$component$_STAR_current_component_STAR_:Xh
reagent$impl$component$built_in_static_method_names:Ff
reagent$impl$component$cache_react_class:ii
reagent$impl$component$camelify_map_keys:di
reagent$impl$component$cljsify:gi
reagent$impl$component$create_class:hi
reagent$impl$component$custom_wrapper:ai
reagent$impl$component$dash_to_method_name:ci
reagent$impl$component$functional_render:ki
reagent$impl$component$functional_render_fn:mi
reagent$impl$component$functional_render_memo_fn:li
reagent$impl$component$functional_wrap_render:ji
reagent$impl$component$map_to_js:fi
reagent$impl$component$obligatory:bi
reagent$impl$component$props_argv:Yh
reagent$impl$component$rat_opts:Wh
reagent$impl$component$reagent_class_QMARK_:Zh
reagent$impl$component$wrap_funs:ei
reagent$impl$component$wrap_render:$h
reagent$impl$input$_STAR_force_set_dom_value_STAR_:oi
reagent$impl$input$input_component_set_value:qi
reagent$impl$input$input_handle_change:ri
reagent$impl$input$input_node_set_value:pi
reagent$impl$input$input_render_setup:si
reagent$impl$input$input_spec:ti
reagent$impl$input$these_inputs_have_selection_api:ni
reagent$impl$protocols$as_element:Dh
reagent$impl$protocols$get_id:Bh
reagent$impl$protocols$make_element:Eh
reagent$impl$protocols$parse_tag:Ch
reagent$impl$template$HiccupTag:Di
reagent$impl$template$_STAR_current_default_compiler_STAR_:Mi
reagent$impl$template$cache_get:wi
reagent$impl$template$convert_custom_prop_value:Bi
reagent$impl$template$convert_prop_value:yi
reagent$impl$template$custom_kv_conv:Ai
reagent$impl$template$custom_prop_name_cache:zi
reagent$impl$template$expand_seq:Ji
reagent$impl$template$function_element:Fi
reagent$impl$template$kv_conv:xi
reagent$impl$template$make_element:Ci
reagent$impl$template$maybe_function_element:Gi
reagent$impl$template$native_element:Ii
reagent$impl$template$prop_name_cache:vi
reagent$impl$template$re_tag:ui
reagent$impl$template$reag_element:Ei
reagent$impl$template$t_reagent$0impl$0template8251:aj
reagent$impl$template$tag_name_cache:Hi
reagent$impl$template$vec_to_elem:Ki
reagent$impl$util$_STAR_always_update_STAR_:oh
reagent$impl$util$capitalize:jh
reagent$impl$util$class_names:nh
reagent$impl$util$dash_to_prop_name:kh
reagent$impl$util$dont_camel_case:ih
reagent$impl$util$fun_name:lh
reagent$impl$util$get_react_key:ph
reagent$impl$util$is_client:hh
reagent$impl$util$named_QMARK_:mh
reagent$impl$util$react_key_from_vec:qh
reagent$ratom$RAtom:Oh
reagent$ratom$Reaction:Rh
reagent$ratom$_STAR_ratom_context_STAR_:Gh
reagent$ratom$add_w:Jh
reagent$ratom$atom:Ph
reagent$ratom$deref_capture:Hh
reagent$ratom$dispose_BANG_:Qh
reagent$ratom$flush_BANG_:Sh
reagent$ratom$handle_reaction_change:Bb
reagent$ratom$make_reaction:Th
reagent$ratom$notify_deref_watcher_BANG_:Ih
reagent$ratom$notify_w:Lh
reagent$ratom$pr_atom:Mh
reagent$ratom$rea_queue:Nh
reagent$ratom$remove_w:Kh
reagent$ratom$run_in_reaction:Vh
reagent$ratom$temp_reaction:Uh
shadow$js$files:ch
shadow$js$jsRequire:fh
shadow$js$nativeProvides:dh
shadow$js$requireStack:eh
